// Jest Snapshot v1, https://goo.gl/fbAQLP

exports[`AuthService Should return an user when user resgister 1`] = `
Object {
  "email": "gabriel@gmail.com",
  "name": "gabriel",
  "password": "123",
}
`;

exports[`AuthService should return a token when user login 1`] = `
Object {
  "data": Object {
    "token": "123.123.123",
  },
  "errors": null,
}
`;
